[08-21 14:57:02]: [INFO] Created column 'regdate' and set the current timestamp, 1755788222907, to all 0 rows
[08-21 14:57:02]: [INFO] SQLite Setup finished
[08-21 14:57:03]: [INFO] No supported permissions system found! Permissions are disabled!
[08-21 14:57:03]: [INFO] 
    ___         __  __    __  ___   
   /   | __  __/ /_/ /_  /  |/  /__ 
  / /| |/ / / / __/ __ \/ /|_/ / _ \
 / ___ / /_/ / /_/ / / / /  / /  __/
/_/  |_\__,_/\__/_/ /_/_/  /_/\___/ 
                                    
[08-21 14:57:03]: [INFO] AuthMeReReloaded is running on Folia
[08-21 14:57:03]: [INFO] AuthMeReReloaded is enabled successfully!
[08-21 14:57:03]: [INFO] GitHub: https://github.com/HaHaWTH/AuthMeReReloaded/
[08-21 14:57:03]: [INFO] Checking for updates...
[08-21 14:57:03]: [INFO] You are running the latest version.
[08-21 14:57:14]: [INFO:FINE] FuKingRey logged in 127.74.183.169
[08-21 14:57:14]: [INFO:FINE] FuKingRey registered 127.74.183.169
[08-21 15:06:02]: [INFO:FINE] FuKingRey logged in 127.74.183.169
[08-21 15:08:38]: [INFO:FINE] FuKingRey logged in 127.74.183.169
[08-21 15:10:21]: [INFO:FINE] FuKingRey logged in 127.74.183.169
[08-21 15:10:45]: [INFO:FINE] FuKingRey logged in 127.74.183.169
[08-21 15:15:56]: [INFO] PlaceholderAPI has been disabled: unhooking placeholders
[08-21 15:15:56]: [INFO] AuthMe 5.7.0-FORK-b53 is unloaded successfully!
[08-21 22:26:16]: [INFO] SQLite Setup finished
[08-21 22:26:16]: [INFO] No supported permissions system found! Permissions are disabled!
[08-21 22:26:16]: [INFO] Hooked successfully into PlaceholderAPI
[08-21 22:26:17]: [INFO] 
    ___         __  __    __  ___   
   /   | __  __/ /_/ /_  /  |/  /__ 
  / /| |/ / / / __/ __ \/ /|_/ / _ \
 / ___ / /_/ / /_/ / / / /  / /  __/
/_/  |_\__,_/\__/_/ /_/_/  /_/\___/ 
                                    
[08-21 22:26:17]: [INFO] AuthMeReReloaded is running on Folia
[08-21 22:26:17]: [INFO] AuthMeReReloaded is enabled successfully!
[08-21 22:26:17]: [INFO] GitHub: https://github.com/HaHaWTH/AuthMeReReloaded/
[08-21 22:26:17]: [INFO] Checking for updates...
[08-21 22:26:17]: [INFO] You are running the latest version.
[08-21 23:44:43]: [INFO] AuthMe 5.7.0-FORK-b53 is unloaded successfully!
[08-21 23:51:08]: [INFO] SQLite Setup finished
[08-21 23:51:08]: [INFO] No supported permissions system found! Permissions are disabled!
[08-21 23:51:08]: [INFO] Hooked successfully into PlaceholderAPI
[08-21 23:51:09]: [INFO] 
    ___         __  __    __  ___   
   /   | __  __/ /_/ /_  /  |/  /__ 
  / /| |/ / / / __/ __ \/ /|_/ / _ \
 / ___ / /_/ / /_/ / / / /  / /  __/
/_/  |_\__,_/\__/_/ /_/_/  /_/\___/ 
                                    
[08-21 23:51:09]: [INFO] AuthMeReReloaded is running on Folia
[08-21 23:51:09]: [INFO] AuthMeReReloaded is enabled successfully!
[08-21 23:51:09]: [INFO] GitHub: https://github.com/HaHaWTH/AuthMeReReloaded/
[08-21 23:51:09]: [INFO] Checking for updates...
[08-21 23:51:09]: [INFO] You are running the latest version.
[08-21 23:51:23]: [INFO] AuthMe 5.7.0-FORK-b53 is unloaded successfully!
[08-21 23:53:11]: [INFO] SQLite Setup finished
[08-21 23:53:11]: [INFO] No supported permissions system found! Permissions are disabled!
[08-21 23:53:11]: [INFO] Hooked successfully into PlaceholderAPI
[08-21 23:53:12]: [INFO] 
    ___         __  __    __  ___   
   /   | __  __/ /_/ /_  /  |/  /__ 
  / /| |/ / / / __/ __ \/ /|_/ / _ \
 / ___ / /_/ / /_/ / / / /  / /  __/
/_/  |_\__,_/\__/_/ /_/_/  /_/\___/ 
                                    
[08-21 23:53:12]: [INFO] AuthMeReReloaded is running on Folia
[08-21 23:53:12]: [INFO] AuthMeReReloaded is enabled successfully!
[08-21 23:53:12]: [INFO] GitHub: https://github.com/HaHaWTH/AuthMeReReloaded/
[08-21 23:53:12]: [INFO] Checking for updates...
[08-21 23:53:12]: [INFO] You are running the latest version.
[08-21 23:56:49]: [INFO] AuthMe 5.7.0-FORK-b53 is unloaded successfully!
[08-21 23:57:19]: [INFO] SQLite Setup finished
[08-21 23:57:19]: [INFO] No supported permissions system found! Permissions are disabled!
[08-21 23:57:20]: [INFO] Hooked successfully into PlaceholderAPI
[08-21 23:57:20]: [INFO] 
    ___         __  __    __  ___   
   /   | __  __/ /_/ /_  /  |/  /__ 
  / /| |/ / / / __/ __ \/ /|_/ / _ \
 / ___ / /_/ / /_/ / / / /  / /  __/
/_/  |_\__,_/\__/_/ /_/_/  /_/\___/ 
                                    
[08-21 23:57:20]: [INFO] AuthMeReReloaded is running on Folia
[08-21 23:57:20]: [INFO] AuthMeReReloaded is enabled successfully!
[08-21 23:57:20]: [INFO] GitHub: https://github.com/HaHaWTH/AuthMeReReloaded/
[08-21 23:57:20]: [INFO] Checking for updates...
[08-21 23:57:20]: [INFO] You are running the latest version.
[08-22 00:05:41]: [INFO] AuthMe 5.7.0-FORK-b53 is unloaded successfully!
[08-22 00:10:02]: [INFO] SQLite Setup finished
[08-22 00:10:02]: [INFO] No supported permissions system found! Permissions are disabled!
[08-22 00:10:02]: [INFO] Hooked successfully into PlaceholderAPI
[08-22 00:10:03]: [INFO] 
    ___         __  __    __  ___   
   /   | __  __/ /_/ /_  /  |/  /__ 
  / /| |/ / / / __/ __ \/ /|_/ / _ \
 / ___ / /_/ / /_/ / / / /  / /  __/
/_/  |_\__,_/\__/_/ /_/_/  /_/\___/ 
                                    
[08-22 00:10:03]: [INFO] AuthMeReReloaded is running on Folia
[08-22 00:10:03]: [INFO] AuthMeReReloaded is enabled successfully!
[08-22 00:10:03]: [INFO] GitHub: https://github.com/HaHaWTH/AuthMeReReloaded/
[08-22 00:10:03]: [INFO] Checking for updates...
[08-22 00:10:03]: [INFO] You are running the latest version.
[08-22 00:13:42]: [INFO] AuthMe 5.7.0-FORK-b53 is unloaded successfully!
[08-22 00:14:14]: [INFO] SQLite Setup finished
[08-22 00:14:14]: [INFO] No supported permissions system found! Permissions are disabled!
[08-22 00:14:15]: [INFO] Hooked successfully into PlaceholderAPI
[08-22 00:14:15]: [INFO] 
    ___         __  __    __  ___   
   /   | __  __/ /_/ /_  /  |/  /__ 
  / /| |/ / / / __/ __ \/ /|_/ / _ \
 / ___ / /_/ / /_/ / / / /  / /  __/
/_/  |_\__,_/\__/_/ /_/_/  /_/\___/ 
                                    
[08-22 00:14:15]: [INFO] AuthMeReReloaded is running on Folia
[08-22 00:14:15]: [INFO] AuthMeReReloaded is enabled successfully!
[08-22 00:14:15]: [INFO] GitHub: https://github.com/HaHaWTH/AuthMeReReloaded/
[08-22 00:14:15]: [INFO] Checking for updates...
[08-22 00:14:15]: [INFO] You are running the latest version.
[08-22 00:24:52]: [INFO] AuthMe 5.7.0-FORK-b53 is unloaded successfully!
[08-22 00:25:20]: [INFO] SQLite Setup finished
[08-22 00:25:20]: [INFO] No supported permissions system found! Permissions are disabled!
[08-22 00:25:20]: [INFO] Hooked successfully into PlaceholderAPI
[08-22 00:25:21]: [INFO] 
    ___         __  __    __  ___   
   /   | __  __/ /_/ /_  /  |/  /__ 
  / /| |/ / / / __/ __ \/ /|_/ / _ \
 / ___ / /_/ / /_/ / / / /  / /  __/
/_/  |_\__,_/\__/_/ /_/_/  /_/\___/ 
                                    
[08-22 00:25:21]: [INFO] AuthMeReReloaded is running on Folia
[08-22 00:25:21]: [INFO] AuthMeReReloaded is enabled successfully!
[08-22 00:25:21]: [INFO] GitHub: https://github.com/HaHaWTH/AuthMeReReloaded/
[08-22 00:25:21]: [INFO] Checking for updates...
[08-22 00:25:21]: [INFO] You are running the latest version.
[08-22 01:33:30]: [INFO] SQLite Setup finished
[08-22 01:33:30]: [INFO] No supported permissions system found! Permissions are disabled!
[08-22 01:33:30]: [INFO] Hooked successfully into PlaceholderAPI
[08-22 01:33:30]: [INFO] 
    ___         __  __    __  ___   
   /   | __  __/ /_/ /_  /  |/  /__ 
  / /| |/ / / / __/ __ \/ /|_/ / _ \
 / ___ / /_/ / /_/ / / / /  / /  __/
/_/  |_\__,_/\__/_/ /_/_/  /_/\___/ 
                                    
[08-22 01:33:30]: [INFO] AuthMeReReloaded is running on Folia
[08-22 01:33:30]: [INFO] AuthMeReReloaded is enabled successfully!
[08-22 01:33:30]: [INFO] GitHub: https://github.com/HaHaWTH/AuthMeReReloaded/
[08-22 01:33:30]: [INFO] Checking for updates...
[08-22 01:33:30]: [INFO] You are running the latest version.
[08-22 01:36:54]: [INFO] AuthMe 5.7.0-FORK-b53 is unloaded successfully!
[08-22 01:37:31]: [INFO] SQLite Setup finished
[08-22 01:37:31]: [INFO] No supported permissions system found! Permissions are disabled!
[08-22 01:37:31]: [INFO] Hooked successfully into PlaceholderAPI
[08-22 01:37:31]: [INFO] 
    ___         __  __    __  ___   
   /   | __  __/ /_/ /_  /  |/  /__ 
  / /| |/ / / / __/ __ \/ /|_/ / _ \
 / ___ / /_/ / /_/ / / / /  / /  __/
/_/  |_\__,_/\__/_/ /_/_/  /_/\___/ 
                                    
[08-22 01:37:31]: [INFO] AuthMeReReloaded is running on Folia
[08-22 01:37:31]: [INFO] AuthMeReReloaded is enabled successfully!
[08-22 01:37:31]: [INFO] GitHub: https://github.com/HaHaWTH/AuthMeReReloaded/
[08-22 01:37:31]: [INFO] Checking for updates...
[08-22 01:37:31]: [INFO] You are running the latest version.
[08-22 01:46:44]: [INFO] AuthMe 5.7.0-FORK-b53 is unloaded successfully!
[08-22 01:47:13]: [INFO] SQLite Setup finished
[08-22 01:47:13]: [INFO] No supported permissions system found! Permissions are disabled!
[08-22 01:47:13]: [INFO] Hooked successfully into PlaceholderAPI
[08-22 01:47:13]: [INFO] 
    ___         __  __    __  ___   
   /   | __  __/ /_/ /_  /  |/  /__ 
  / /| |/ / / / __/ __ \/ /|_/ / _ \
 / ___ / /_/ / /_/ / / / /  / /  __/
/_/  |_\__,_/\__/_/ /_/_/  /_/\___/ 
                                    
[08-22 01:47:13]: [INFO] AuthMeReReloaded is running on Folia
[08-22 01:47:13]: [INFO] AuthMeReReloaded is enabled successfully!
[08-22 01:47:13]: [INFO] GitHub: https://github.com/HaHaWTH/AuthMeReReloaded/
[08-22 01:47:13]: [INFO] Checking for updates...
[08-22 01:47:13]: [INFO] You are running the latest version.
[08-22 01:48:22]: [INFO] AuthMe 5.7.0-FORK-b53 is unloaded successfully!
[08-22 01:48:54]: [INFO] SQLite Setup finished
[08-22 01:48:54]: [INFO] No supported permissions system found! Permissions are disabled!
[08-22 01:48:54]: [INFO] Hooked successfully into PlaceholderAPI
[08-22 01:48:54]: [INFO] 
    ___         __  __    __  ___   
   /   | __  __/ /_/ /_  /  |/  /__ 
  / /| |/ / / / __/ __ \/ /|_/ / _ \
 / ___ / /_/ / /_/ / / / /  / /  __/
/_/  |_\__,_/\__/_/ /_/_/  /_/\___/ 
                                    
[08-22 01:48:54]: [INFO] AuthMeReReloaded is running on Folia
[08-22 01:48:54]: [INFO] AuthMeReReloaded is enabled successfully!
[08-22 01:48:54]: [INFO] GitHub: https://github.com/HaHaWTH/AuthMeReReloaded/
[08-22 01:48:54]: [INFO] Checking for updates...
[08-22 01:48:54]: [INFO] You are running the latest version.
[08-22 01:50:29]: [INFO:FINE] FuKingRey logged in 127.74.183.169
[08-22 02:00:52]: [INFO] AuthMe 5.7.0-FORK-b53 is unloaded successfully!
[08-22 02:01:19]: [INFO] SQLite Setup finished
[08-22 02:01:19]: [INFO] No supported permissions system found! Permissions are disabled!
[08-22 02:01:19]: [INFO] Hooked successfully into PlaceholderAPI
[08-22 02:01:19]: [INFO] 
    ___         __  __    __  ___   
   /   | __  __/ /_/ /_  /  |/  /__ 
  / /| |/ / / / __/ __ \/ /|_/ / _ \
 / ___ / /_/ / /_/ / / / /  / /  __/
/_/  |_\__,_/\__/_/ /_/_/  /_/\___/ 
                                    
[08-22 02:01:19]: [INFO] AuthMeReReloaded is running on Folia
[08-22 02:01:19]: [INFO] AuthMeReReloaded is enabled successfully!
[08-22 02:01:19]: [INFO] GitHub: https://github.com/HaHaWTH/AuthMeReReloaded/
[08-22 02:01:19]: [INFO] Checking for updates...
[08-22 02:01:20]: [INFO] You are running the latest version.
[08-22 02:01:24]: [INFO:FINE] FuKingRey logged in 127.74.183.169
[08-22 02:07:51]: [INFO] AuthMe 5.7.0-FORK-b53 is unloaded successfully!
[08-22 02:08:22]: [INFO] SQLite Setup finished
[08-22 02:08:22]: [INFO] No supported permissions system found! Permissions are disabled!
[08-22 02:08:22]: [INFO] Hooked successfully into PlaceholderAPI
[08-22 02:08:22]: [INFO] 
    ___         __  __    __  ___   
   /   | __  __/ /_/ /_  /  |/  /__ 
  / /| |/ / / / __/ __ \/ /|_/ / _ \
 / ___ / /_/ / /_/ / / / /  / /  __/
/_/  |_\__,_/\__/_/ /_/_/  /_/\___/ 
                                    
[08-22 02:08:22]: [INFO] AuthMeReReloaded is running on Folia
[08-22 02:08:22]: [INFO] AuthMeReReloaded is enabled successfully!
[08-22 02:08:22]: [INFO] GitHub: https://github.com/HaHaWTH/AuthMeReReloaded/
[08-22 02:08:22]: [INFO] Checking for updates...
[08-22 02:08:22]: [INFO] You are running the latest version.
[08-22 02:08:27]: [INFO:FINE] FuKingRey logged in 127.74.183.169
[08-22 02:17:19]: [INFO] AuthMe 5.7.0-FORK-b53 is unloaded successfully!
[08-22 02:17:49]: [INFO] SQLite Setup finished
[08-22 02:17:49]: [INFO] No supported permissions system found! Permissions are disabled!
[08-22 02:17:49]: [INFO] Hooked successfully into PlaceholderAPI
[08-22 02:17:49]: [INFO] 
    ___         __  __    __  ___   
   /   | __  __/ /_/ /_  /  |/  /__ 
  / /| |/ / / / __/ __ \/ /|_/ / _ \
 / ___ / /_/ / /_/ / / / /  / /  __/
/_/  |_\__,_/\__/_/ /_/_/  /_/\___/ 
                                    
[08-22 02:17:49]: [INFO] AuthMeReReloaded is running on Folia
[08-22 02:17:49]: [INFO] AuthMeReReloaded is enabled successfully!
[08-22 02:17:49]: [INFO] GitHub: https://github.com/HaHaWTH/AuthMeReReloaded/
[08-22 02:17:49]: [INFO] Checking for updates...
[08-22 02:17:49]: [INFO] You are running the latest version.
[08-22 02:18:22]: [INFO:FINE] FuKingRey logged in 127.74.183.169
[08-22 02:20:34]: [INFO] AuthMe 5.7.0-FORK-b53 is unloaded successfully!
[08-22 02:21:03]: [INFO] SQLite Setup finished
[08-22 02:21:03]: [INFO] No supported permissions system found! Permissions are disabled!
[08-22 02:21:03]: [INFO] Hooked successfully into PlaceholderAPI
[08-22 02:21:04]: [INFO] 
    ___         __  __    __  ___   
   /   | __  __/ /_/ /_  /  |/  /__ 
  / /| |/ / / / __/ __ \/ /|_/ / _ \
 / ___ / /_/ / /_/ / / / /  / /  __/
/_/  |_\__,_/\__/_/ /_/_/  /_/\___/ 
                                    
[08-22 02:21:04]: [INFO] AuthMeReReloaded is running on Folia
[08-22 02:21:04]: [INFO] AuthMeReReloaded is enabled successfully!
[08-22 02:21:04]: [INFO] GitHub: https://github.com/HaHaWTH/AuthMeReReloaded/
[08-22 02:21:04]: [INFO] Checking for updates...
[08-22 02:21:04]: [INFO] You are running the latest version.
[08-22 02:21:10]: [INFO:FINE] FuKingRey logged in 127.74.183.169
[08-22 02:24:02]: [INFO] AuthMe 5.7.0-FORK-b53 is unloaded successfully!
[08-22 02:24:32]: [INFO] SQLite Setup finished
[08-22 02:24:32]: [INFO] No supported permissions system found! Permissions are disabled!
[08-22 02:24:33]: [INFO] Hooked successfully into PlaceholderAPI
[08-22 02:24:33]: [INFO] 
    ___         __  __    __  ___   
   /   | __  __/ /_/ /_  /  |/  /__ 
  / /| |/ / / / __/ __ \/ /|_/ / _ \
 / ___ / /_/ / /_/ / / / /  / /  __/
/_/  |_\__,_/\__/_/ /_/_/  /_/\___/ 
                                    
[08-22 02:24:33]: [INFO] AuthMeReReloaded is running on Folia
[08-22 02:24:33]: [INFO] AuthMeReReloaded is enabled successfully!
[08-22 02:24:33]: [INFO] GitHub: https://github.com/HaHaWTH/AuthMeReReloaded/
[08-22 02:24:33]: [INFO] Checking for updates...
[08-22 02:24:33]: [INFO] You are running the latest version.
[08-22 02:25:12]: [INFO:FINE] FuKingRey logged in 127.74.183.169
[08-22 02:30:40]: [INFO] AuthMe 5.7.0-FORK-b53 is unloaded successfully!
[08-22 02:31:11]: [INFO] SQLite Setup finished
[08-22 02:31:12]: [INFO] No supported permissions system found! Permissions are disabled!
[08-22 02:31:12]: [INFO] Hooked successfully into PlaceholderAPI
[08-22 02:31:12]: [INFO] 
    ___         __  __    __  ___   
   /   | __  __/ /_/ /_  /  |/  /__ 
  / /| |/ / / / __/ __ \/ /|_/ / _ \
 / ___ / /_/ / /_/ / / / /  / /  __/
/_/  |_\__,_/\__/_/ /_/_/  /_/\___/ 
                                    
[08-22 02:31:12]: [INFO] AuthMeReReloaded is running on Folia
[08-22 02:31:12]: [INFO] AuthMeReReloaded is enabled successfully!
[08-22 02:31:12]: [INFO] GitHub: https://github.com/HaHaWTH/AuthMeReReloaded/
[08-22 02:31:12]: [INFO] Checking for updates...
[08-22 02:31:12]: [INFO] You are running the latest version.
[08-22 02:31:16]: [INFO:FINE] FuKingRey logged in 127.74.183.169
[08-22 02:35:30]: [INFO] AuthMe 5.7.0-FORK-b53 is unloaded successfully!
[08-22 02:36:01]: [INFO] SQLite Setup finished
[08-22 02:36:02]: [INFO] No supported permissions system found! Permissions are disabled!
[08-22 02:36:02]: [INFO] Hooked successfully into PlaceholderAPI
[08-22 02:36:02]: [INFO] 
    ___         __  __    __  ___   
   /   | __  __/ /_/ /_  /  |/  /__ 
  / /| |/ / / / __/ __ \/ /|_/ / _ \
 / ___ / /_/ / /_/ / / / /  / /  __/
/_/  |_\__,_/\__/_/ /_/_/  /_/\___/ 
                                    
[08-22 02:36:02]: [INFO] AuthMeReReloaded is running on Folia
[08-22 02:36:02]: [INFO] AuthMeReReloaded is enabled successfully!
[08-22 02:36:02]: [INFO] GitHub: https://github.com/HaHaWTH/AuthMeReReloaded/
[08-22 02:36:02]: [INFO] Checking for updates...
[08-22 02:36:02]: [INFO] You are running the latest version.
[08-22 02:36:07]: [INFO:FINE] FuKingRey logged in 127.74.183.169
[08-22 02:44:03]: [INFO] AuthMe 5.7.0-FORK-b53 is unloaded successfully!
[08-22 02:44:34]: [INFO] SQLite Setup finished
[08-22 02:44:34]: [INFO] No supported permissions system found! Permissions are disabled!
[08-22 02:44:34]: [INFO] Hooked successfully into PlaceholderAPI
[08-22 02:44:35]: [INFO] 
    ___         __  __    __  ___   
   /   | __  __/ /_/ /_  /  |/  /__ 
  / /| |/ / / / __/ __ \/ /|_/ / _ \
 / ___ / /_/ / /_/ / / / /  / /  __/
/_/  |_\__,_/\__/_/ /_/_/  /_/\___/ 
                                    
[08-22 02:44:35]: [INFO] AuthMeReReloaded is running on Folia
[08-22 02:44:35]: [INFO] AuthMeReReloaded is enabled successfully!
[08-22 02:44:35]: [INFO] GitHub: https://github.com/HaHaWTH/AuthMeReReloaded/
[08-22 02:44:35]: [INFO] Checking for updates...
[08-22 02:44:35]: [INFO] You are running the latest version.
[08-22 02:45:11]: [INFO:FINE] FuKingRey logged in 127.74.183.169
[08-22 02:48:25]: [INFO] AuthMe 5.7.0-FORK-b53 is unloaded successfully!
[08-22 02:48:55]: [INFO] SQLite Setup finished
[08-22 02:48:55]: [INFO] No supported permissions system found! Permissions are disabled!
[08-22 02:48:55]: [INFO] Hooked successfully into PlaceholderAPI
[08-22 02:48:55]: [INFO] 
    ___         __  __    __  ___   
   /   | __  __/ /_/ /_  /  |/  /__ 
  / /| |/ / / / __/ __ \/ /|_/ / _ \
 / ___ / /_/ / /_/ / / / /  / /  __/
/_/  |_\__,_/\__/_/ /_/_/  /_/\___/ 
                                    
[08-22 02:48:55]: [INFO] AuthMeReReloaded is running on Folia
[08-22 02:48:55]: [INFO] AuthMeReReloaded is enabled successfully!
[08-22 02:48:55]: [INFO] GitHub: https://github.com/HaHaWTH/AuthMeReReloaded/
[08-22 02:48:55]: [INFO] Checking for updates...
[08-22 02:48:55]: [INFO] You are running the latest version.
[08-22 02:49:27]: [INFO:FINE] FuKingRey logged in 127.74.183.169
[08-22 02:56:59]: [INFO] AuthMe 5.7.0-FORK-b53 is unloaded successfully!
[08-22 02:57:30]: [INFO] SQLite Setup finished
[08-22 02:57:30]: [INFO] No supported permissions system found! Permissions are disabled!
[08-22 02:57:30]: [INFO] Hooked successfully into PlaceholderAPI
[08-22 02:57:30]: [INFO] 
    ___         __  __    __  ___   
   /   | __  __/ /_/ /_  /  |/  /__ 
  / /| |/ / / / __/ __ \/ /|_/ / _ \
 / ___ / /_/ / /_/ / / / /  / /  __/
/_/  |_\__,_/\__/_/ /_/_/  /_/\___/ 
                                    
[08-22 02:57:30]: [INFO] AuthMeReReloaded is running on Folia
[08-22 02:57:30]: [INFO] AuthMeReReloaded is enabled successfully!
[08-22 02:57:30]: [INFO] GitHub: https://github.com/HaHaWTH/AuthMeReReloaded/
[08-22 02:57:30]: [INFO] Checking for updates...
[08-22 02:57:31]: [INFO] You are running the latest version.
[08-22 02:57:45]: [INFO:FINE] FuKingRey logged in 127.74.183.169
[08-22 03:31:05]: [INFO] AuthMe 5.7.0-FORK-b53 is unloaded successfully!
[08-22 03:31:35]: [INFO] SQLite Setup finished
[08-22 03:31:35]: [INFO] No supported permissions system found! Permissions are disabled!
[08-22 03:31:35]: [INFO] Hooked successfully into PlaceholderAPI
[08-22 03:31:35]: [INFO] 
    ___         __  __    __  ___   
   /   | __  __/ /_/ /_  /  |/  /__ 
  / /| |/ / / / __/ __ \/ /|_/ / _ \
 / ___ / /_/ / /_/ / / / /  / /  __/
/_/  |_\__,_/\__/_/ /_/_/  /_/\___/ 
                                    
[08-22 03:31:35]: [INFO] AuthMeReReloaded is running on Folia
[08-22 03:31:35]: [INFO] AuthMeReReloaded is enabled successfully!
[08-22 03:31:35]: [INFO] GitHub: https://github.com/HaHaWTH/AuthMeReReloaded/
[08-22 03:31:35]: [INFO] Checking for updates...
[08-22 03:31:35]: [INFO] You are running the latest version.
[08-22 03:31:55]: [INFO:FINE] FuKingRey logged in 127.74.183.169
[08-22 03:36:19]: [INFO] AuthMe 5.7.0-FORK-b53 is unloaded successfully!
[08-22 15:31:47]: [INFO] SQLite Setup finished
[08-22 15:31:47]: [INFO] No supported permissions system found! Permissions are disabled!
[08-22 15:31:47]: [INFO] Hooked successfully into PlaceholderAPI
[08-22 15:31:48]: [INFO] 
    ___         __  __    __  ___   
   /   | __  __/ /_/ /_  /  |/  /__ 
  / /| |/ / / / __/ __ \/ /|_/ / _ \
 / ___ / /_/ / /_/ / / / /  / /  __/
/_/  |_\__,_/\__/_/ /_/_/  /_/\___/ 
                                    
[08-22 15:31:48]: [INFO] AuthMeReReloaded is running on Folia
[08-22 15:31:48]: [INFO] AuthMeReReloaded is enabled successfully!
[08-22 15:31:48]: [INFO] GitHub: https://github.com/HaHaWTH/AuthMeReReloaded/
[08-22 15:31:48]: [INFO] Checking for updates...
[08-22 15:31:48]: [INFO] You are running the latest version.
[08-22 15:31:53]: [INFO:FINE] FuKingRey logged in 127.74.183.169
[08-22 15:36:48]: [INFO] AuthMe 5.7.0-FORK-b53 is unloaded successfully!
[08-22 15:37:19]: [INFO] SQLite Setup finished
[08-22 15:37:19]: [INFO] No supported permissions system found! Permissions are disabled!
[08-22 15:37:20]: [INFO] Hooked successfully into PlaceholderAPI
[08-22 15:37:20]: [INFO] 
    ___         __  __    __  ___   
   /   | __  __/ /_/ /_  /  |/  /__ 
  / /| |/ / / / __/ __ \/ /|_/ / _ \
 / ___ / /_/ / /_/ / / / /  / /  __/
/_/  |_\__,_/\__/_/ /_/_/  /_/\___/ 
                                    
[08-22 15:37:20]: [INFO] AuthMeReReloaded is running on Folia
[08-22 15:37:20]: [INFO] AuthMeReReloaded is enabled successfully!
[08-22 15:37:20]: [INFO] GitHub: https://github.com/HaHaWTH/AuthMeReReloaded/
[08-22 15:37:20]: [INFO] Checking for updates...
[08-22 15:37:20]: [INFO] You are running the latest version.
[08-22 15:37:29]: [INFO:FINE] FuKingRey logged in 127.74.183.169
[08-22 15:43:17]: [INFO] AuthMe 5.7.0-FORK-b53 is unloaded successfully!
[08-22 15:43:46]: [INFO] SQLite Setup finished
[08-22 15:43:46]: [INFO] No supported permissions system found! Permissions are disabled!
[08-22 15:43:46]: [INFO] Hooked successfully into PlaceholderAPI
[08-22 15:43:46]: [INFO] 
    ___         __  __    __  ___   
   /   | __  __/ /_/ /_  /  |/  /__ 
  / /| |/ / / / __/ __ \/ /|_/ / _ \
 / ___ / /_/ / /_/ / / / /  / /  __/
/_/  |_\__,_/\__/_/ /_/_/  /_/\___/ 
                                    
[08-22 15:43:46]: [INFO] AuthMeReReloaded is running on Folia
[08-22 15:43:46]: [INFO] AuthMeReReloaded is enabled successfully!
[08-22 15:43:46]: [INFO] GitHub: https://github.com/HaHaWTH/AuthMeReReloaded/
[08-22 15:43:46]: [INFO] Checking for updates...
[08-22 15:43:47]: [INFO] You are running the latest version.
[08-22 15:44:00]: [INFO:FINE] FuKingRey logged in 127.74.183.169
[08-22 16:20:16]: [INFO] AuthMe 5.7.0-FORK-b53 is unloaded successfully!
[08-22 16:20:45]: [INFO] SQLite Setup finished
[08-22 16:20:45]: [INFO] No supported permissions system found! Permissions are disabled!
[08-22 16:20:45]: [INFO] Hooked successfully into PlaceholderAPI
[08-22 16:20:46]: [INFO] 
    ___         __  __    __  ___   
   /   | __  __/ /_/ /_  /  |/  /__ 
  / /| |/ / / / __/ __ \/ /|_/ / _ \
 / ___ / /_/ / /_/ / / / /  / /  __/
/_/  |_\__,_/\__/_/ /_/_/  /_/\___/ 
                                    
[08-22 16:20:46]: [INFO] AuthMeReReloaded is running on Folia
[08-22 16:20:46]: [INFO] AuthMeReReloaded is enabled successfully!
[08-22 16:20:46]: [INFO] GitHub: https://github.com/HaHaWTH/AuthMeReReloaded/
[08-22 16:20:46]: [INFO] Checking for updates...
[08-22 16:20:46]: [INFO] You are running the latest version.
[08-22 16:22:13]: [INFO] AuthMe 5.7.0-FORK-b53 is unloaded successfully!
[08-22 16:24:35]: [INFO] SQLite Setup finished
[08-22 16:24:35]: [INFO] No supported permissions system found! Permissions are disabled!
[08-22 16:24:35]: [INFO] Hooked successfully into PlaceholderAPI
[08-22 16:24:36]: [INFO] 
    ___         __  __    __  ___   
   /   | __  __/ /_/ /_  /  |/  /__ 
  / /| |/ / / / __/ __ \/ /|_/ / _ \
 / ___ / /_/ / /_/ / / / /  / /  __/
/_/  |_\__,_/\__/_/ /_/_/  /_/\___/ 
                                    
[08-22 16:24:36]: [INFO] AuthMeReReloaded is running on Folia
[08-22 16:24:36]: [INFO] AuthMeReReloaded is enabled successfully!
[08-22 16:24:36]: [INFO] GitHub: https://github.com/HaHaWTH/AuthMeReReloaded/
[08-22 16:24:36]: [INFO] Checking for updates...
[08-22 16:24:36]: [INFO] You are running the latest version.
[08-22 16:24:39]: [INFO:FINE] FuKingRey logged in 127.74.183.169
[08-22 16:27:49]: [INFO] AuthMe 5.7.0-FORK-b53 is unloaded successfully!
[08-22 16:28:20]: [INFO] SQLite Setup finished
[08-22 16:28:20]: [INFO] No supported permissions system found! Permissions are disabled!
[08-22 16:28:20]: [INFO] Hooked successfully into PlaceholderAPI
[08-22 16:28:21]: [INFO] 
    ___         __  __    __  ___   
   /   | __  __/ /_/ /_  /  |/  /__ 
  / /| |/ / / / __/ __ \/ /|_/ / _ \
 / ___ / /_/ / /_/ / / / /  / /  __/
/_/  |_\__,_/\__/_/ /_/_/  /_/\___/ 
                                    
[08-22 16:28:21]: [INFO] AuthMeReReloaded is running on Folia
[08-22 16:28:21]: [INFO] AuthMeReReloaded is enabled successfully!
[08-22 16:28:21]: [INFO] GitHub: https://github.com/HaHaWTH/AuthMeReReloaded/
[08-22 16:28:21]: [INFO] Checking for updates...
[08-22 16:28:21]: [INFO] You are running the latest version.
[08-22 16:29:54]: [INFO:FINE] FuKingRey logged in 127.74.183.169
[08-22 16:31:35]: [INFO] AuthMe 5.7.0-FORK-b53 is unloaded successfully!
[08-22 16:32:04]: [INFO] SQLite Setup finished
[08-22 16:32:05]: [INFO] No supported permissions system found! Permissions are disabled!
[08-22 16:32:05]: [INFO] Hooked successfully into PlaceholderAPI
[08-22 16:32:05]: [INFO] 
    ___         __  __    __  ___   
   /   | __  __/ /_/ /_  /  |/  /__ 
  / /| |/ / / / __/ __ \/ /|_/ / _ \
 / ___ / /_/ / /_/ / / / /  / /  __/
/_/  |_\__,_/\__/_/ /_/_/  /_/\___/ 
                                    
[08-22 16:32:05]: [INFO] AuthMeReReloaded is running on Folia
[08-22 16:32:05]: [INFO] AuthMeReReloaded is enabled successfully!
[08-22 16:32:05]: [INFO] GitHub: https://github.com/HaHaWTH/AuthMeReReloaded/
[08-22 16:32:05]: [INFO] Checking for updates...
[08-22 16:32:05]: [INFO] You are running the latest version.
[08-22 16:32:13]: [INFO:FINE] FuKingRey logged in 127.74.183.169
[08-22 16:35:28]: [INFO:FINE] FuKingRey logged in 127.74.183.169
[08-22 16:40:04]: [INFO] AuthMe 5.7.0-FORK-b53 is unloaded successfully!
[08-22 16:40:32]: [INFO] SQLite Setup finished
[08-22 16:40:32]: [INFO] No supported permissions system found! Permissions are disabled!
[08-22 16:40:32]: [INFO] Hooked successfully into PlaceholderAPI
[08-22 16:40:33]: [INFO] 
    ___         __  __    __  ___   
   /   | __  __/ /_/ /_  /  |/  /__ 
  / /| |/ / / / __/ __ \/ /|_/ / _ \
 / ___ / /_/ / /_/ / / / /  / /  __/
/_/  |_\__,_/\__/_/ /_/_/  /_/\___/ 
                                    
[08-22 16:40:33]: [INFO] AuthMeReReloaded is running on Folia
[08-22 16:40:33]: [INFO] AuthMeReReloaded is enabled successfully!
[08-22 16:40:33]: [INFO] GitHub: https://github.com/HaHaWTH/AuthMeReReloaded/
[08-22 16:40:33]: [INFO] Checking for updates...
[08-22 16:40:33]: [INFO] You are running the latest version.
[08-22 16:41:01]: [INFO:FINE] FuKingRey logged in 127.74.183.169
[08-22 16:42:22]: [INFO] AuthMe 5.7.0-FORK-b53 is unloaded successfully!
[08-22 16:42:51]: [INFO] SQLite Setup finished
[08-22 16:42:51]: [INFO] No supported permissions system found! Permissions are disabled!
[08-22 16:42:51]: [INFO] Hooked successfully into PlaceholderAPI
[08-22 16:42:52]: [INFO] 
    ___         __  __    __  ___   
   /   | __  __/ /_/ /_  /  |/  /__ 
  / /| |/ / / / __/ __ \/ /|_/ / _ \
 / ___ / /_/ / /_/ / / / /  / /  __/
/_/  |_\__,_/\__/_/ /_/_/  /_/\___/ 
                                    
[08-22 16:42:52]: [INFO] AuthMeReReloaded is running on Folia
[08-22 16:42:52]: [INFO] AuthMeReReloaded is enabled successfully!
[08-22 16:42:52]: [INFO] GitHub: https://github.com/HaHaWTH/AuthMeReReloaded/
[08-22 16:42:52]: [INFO] Checking for updates...
[08-22 16:42:52]: [INFO] You are running the latest version.
[08-22 16:42:57]: [INFO:FINE] FuKingRey logged in 127.74.183.169
[08-22 16:47:04]: [INFO:FINE] FuKingReyX registered 127.74.183.169
[08-22 16:47:28]: [INFO:FINE] FuKingReyX logged in 127.74.183.169
[08-22 16:52:58]: [INFO] AuthMe 5.7.0-FORK-b53 is unloaded successfully!
[08-22 16:53:27]: [INFO] SQLite Setup finished
[08-22 16:53:27]: [INFO] No supported permissions system found! Permissions are disabled!
[08-22 16:53:28]: [INFO] Hooked successfully into PlaceholderAPI
[08-22 16:53:28]: [INFO] 
    ___         __  __    __  ___   
   /   | __  __/ /_/ /_  /  |/  /__ 
  / /| |/ / / / __/ __ \/ /|_/ / _ \
 / ___ / /_/ / /_/ / / / /  / /  __/
/_/  |_\__,_/\__/_/ /_/_/  /_/\___/ 
                                    
[08-22 16:53:28]: [INFO] AuthMeReReloaded is running on Folia
[08-22 16:53:28]: [INFO] AuthMeReReloaded is enabled successfully!
[08-22 16:53:28]: [INFO] GitHub: https://github.com/HaHaWTH/AuthMeReReloaded/
[08-22 16:53:28]: [INFO] Checking for updates...
[08-22 16:53:28]: [INFO] You are running the latest version.
[08-22 16:53:34]: [INFO:FINE] FuKingReyX logged in 127.74.183.169
[08-22 16:53:34]: [INFO:FINE] FuKingRey logged in 127.74.183.169
[08-22 16:57:12]: [INFO:FINE] FuKingReyX logged in 127.74.183.169
[08-22 16:58:38]: [INFO] AuthMe 5.7.0-FORK-b53 is unloaded successfully!
[08-22 18:01:29]: [INFO] SQLite Setup finished
[08-22 18:01:29]: [INFO] No supported permissions system found! Permissions are disabled!
[08-22 18:01:29]: [INFO] Hooked successfully into PlaceholderAPI
[08-22 18:01:30]: [INFO] 
    ___         __  __    __  ___   
   /   | __  __/ /_/ /_  /  |/  /__ 
  / /| |/ / / / __/ __ \/ /|_/ / _ \
 / ___ / /_/ / /_/ / / / /  / /  __/
/_/  |_\__,_/\__/_/ /_/_/  /_/\___/ 
                                    
[08-22 18:01:30]: [INFO] AuthMeReReloaded is running on Folia
[08-22 18:01:30]: [INFO] AuthMeReReloaded is enabled successfully!
[08-22 18:01:30]: [INFO] GitHub: https://github.com/HaHaWTH/AuthMeReReloaded/
[08-22 18:01:30]: [INFO] Checking for updates...
[08-22 18:01:30]: [INFO] You are running the latest version.
[08-22 18:01:37]: [INFO:FINE] FuKingReyX logged in 127.74.183.169
[08-22 18:06:23]: [INFO:FINE] Illuzzi registered 127.74.183.169
[08-22 18:06:31]: [INFO:FINE] Illuzzi logged in 127.74.183.169
[08-22 18:07:55]: [INFO:FINE] Illuzzi logged in 127.74.183.169
