[18:01:03] [ServerMain/INFO]: [bootstrap] Running Java 21 (OpenJDK 64-Bit Server VM 21.0.8+9-Ubuntu-0ubuntu124.04.1; Ubuntu null) on Linux 6.8.0-1030-azure (amd64)
[18:01:03] [ServerMain/INFO]: [bootstrap] Loading Folia 1.21.8-2-ver/1.21.8@4ed5b66 (2025-08-10T00:33:31Z) for Minecraft 1.21.8
[18:01:04] [ServerMain/INFO]: [PluginInitializerManager] Initializing plugins...
[18:01:12] [ServerMain/ERROR]: [DirectoryProviderSource] Error loading plugin: java.lang.IllegalArgumentException: Directory 'plugins/.paper-remapped/TNTMadnessPlugin.jar' does not contain a paper-plugin.yml or plugin.yml! Could not determine plugin type, cannot load a plugin from it!
java.lang.RuntimeException: java.lang.IllegalArgumentException: Directory 'plugins/.paper-remapped/TNTMadnessPlugin.jar' does not contain a paper-plugin.yml or plugin.yml! Could not determine plugin type, cannot load a plugin from it!
	at io.papermc.paper.plugin.provider.source.FileProviderSource.registerProviders(FileProviderSource.java:85) ~[folia-1.21.8.jar:1.21.8-2-4ed5b66]
	at io.papermc.paper.plugin.provider.source.DirectoryProviderSource.registerProviders(DirectoryProviderSource.java:52) ~[folia-1.21.8.jar:1.21.8-2-4ed5b66]
	at io.papermc.paper.plugin.provider.source.DirectoryProviderSource.registerProviders(DirectoryProviderSource.java:17) ~[folia-1.21.8.jar:1.21.8-2-4ed5b66]
	at io.papermc.paper.plugin.util.EntrypointUtil.registerProvidersFromSource(EntrypointUtil.java:15) ~[folia-1.21.8.jar:1.21.8-2-4ed5b66]
	at io.papermc.paper.plugin.PluginInitializerManager.load(PluginInitializerManager.java:113) ~[folia-1.21.8.jar:1.21.8-2-4ed5b66]
	at net.minecraft.server.Main.main(Main.java:112) ~[folia-1.21.8.jar:1.21.8-2-4ed5b66]
	at io.papermc.paper.PaperBootstrap.boot(PaperBootstrap.java:21) ~[folia-1.21.8.jar:1.21.8-2-4ed5b66]
	at org.bukkit.craftbukkit.Main.main(Main.java:242) ~[folia-1.21.8.jar:1.21.8-2-4ed5b66]
	at io.papermc.paperclip.Paperclip.lambda$main$0(Paperclip.java:42) ~[app:?]
	at java.base/java.lang.Thread.run(Thread.java:1583) ~[?:?]
Caused by: java.lang.IllegalArgumentException: Directory 'plugins/.paper-remapped/TNTMadnessPlugin.jar' does not contain a paper-plugin.yml or plugin.yml! Could not determine plugin type, cannot load a plugin from it!
	... 10 more
[18:01:12] [ServerMain/INFO]: [PluginInitializerManager] Initialized 9 plugins
[18:01:12] [ServerMain/INFO]: [PluginInitializerManager] Paper plugins (1):
 - PlugManX (3.0.1)
[18:01:12] [ServerMain/INFO]: [PluginInitializerManager] Bukkit plugins (8):
 - AntiChaos (1.0.0), AuthMe (5.7.0-FORK-b53), BetterTeamsFolia (1.0), Chunky (1.4.40), DeathExplosion (1.0), GrimAC (2.3.72-28d83206c), PlaceholderAPI (2.11.7-DEV-null), TAB (5.2.5)
[18:01:17] [ServerMain/INFO]: Environment: Environment[sessionHost=https://sessionserver.mojang.com, servicesHost=https://api.minecraftservices.com, name=PROD]
[18:01:20] [ServerMain/INFO]: Loaded 1407 recipes
[18:01:20] [ServerMain/INFO]: Loaded 1520 advancements
[18:01:20] [ServerMain/INFO]: [ca.spottedleaf.dataconverter.minecraft.datatypes.MCTypeRegistry] Initialising converters for DataConverter...
[18:01:20] [ServerMain/INFO]: [ca.spottedleaf.dataconverter.minecraft.datatypes.MCTypeRegistry] Finished initialising converters for DataConverter in 447.2ms
[18:01:21] [Server thread/INFO]: Starting minecraft server version 1.21.8
[18:01:21] [Server thread/INFO]: Loading properties
[18:01:21] [Server thread/INFO]: This server is running Folia version 1.21.8-2-ver/1.21.8@4ed5b66 (2025-08-10T00:33:31Z) (Implementing API version 1.21.8-R0.1-SNAPSHOT)
[18:01:21] [Server thread/INFO]: [spark] This server bundles the spark profiler. For more information please visit https://docs.papermc.io/paper/profiling
[18:01:21] [Server thread/INFO]: Server Ping Player Sample Count: 12
[18:01:21] [Server thread/INFO]: Using 4 threads for Netty based IO
[18:01:22] [Server thread/INFO]: [MoonriseCommon] Paper is using 1 worker threads, 1 I/O threads
[18:01:22] [Server thread/INFO]: [ChunkTaskScheduler] Chunk system is using population gen parallelism: true
[18:01:22] [Server thread/INFO]: [io.papermc.paper.threadedregions.TickRegions] Regionised ticking is enabled with 1 tick threads
[18:01:22] [Server thread/INFO]: Default game type: SURVIVAL
[18:01:22] [Server thread/INFO]: Generating keypair
[18:01:23] [Server thread/INFO]: Starting Minecraft server on *:25565
[18:01:23] [Server thread/INFO]: Using epoll channel type
[18:01:23] [Server thread/INFO]: Paper: Using libdeflate (Linux x86_64) compression from Velocity.
[18:01:23] [Server thread/INFO]: Paper: Using OpenSSL 3.x.x (Linux x86_64) cipher from Velocity.
[18:01:23] [Server thread/INFO]: [PlaceholderAPI] Loading server plugin PlaceholderAPI v2.11.7-DEV-null
[18:01:23] [Server thread/INFO]: [DeathExplosion] Loading server plugin DeathExplosion v1.0
[18:01:23] [Server thread/INFO]: [Chunky] Loading server plugin Chunky v1.4.40
[18:01:23] [Server thread/INFO]: [AntiChaos] Loading server plugin AntiChaos v1.0.0
[18:01:23] [Server thread/INFO]: [GrimAC] Loading server plugin GrimAC v2.3.72-28d83206c
[18:01:23] [Server thread/INFO]: [GrimAC] Loading PacketEvents...
[18:01:25] [Server thread/INFO]: [TAB] Loading server plugin TAB v5.2.5
[18:01:25] [Server thread/INFO]: [PlugManX] Loading server plugin PlugManX v3.0.1
[18:01:25] [Server thread/INFO]: [BetterTeamsFolia] Loading server plugin BetterTeamsFolia v1.0
[18:01:25] [Server thread/INFO]: [AuthMe] Loading server plugin AuthMe v5.7.0-FORK-b53
[18:01:25] [Server thread/INFO]: Server permissions file permissions.yml is empty, ignoring it
[18:01:25] [Server thread/INFO]: [PlugManX] Enabling PlugManX v3.0.1
[18:01:25] [Server thread/WARN]: [PlugManX] ~~~~~~~~~~~~~~~~~~~~~~~~~~~~~~~~~~~~~~~~~~~~~~~~~~~~~~~~~~~~~~~~~~~~~~
[18:01:25] [Server thread/WARN]: [PlugManX] It seems like you're running on paper.
[18:01:25] [Server thread/WARN]: [PlugManX] PlugManX cannot interact with paper-plugins, yet.
[18:01:25] [Server thread/WARN]: [PlugManX] Also, if you encounter any issues, please join my discord: https://discord.gg/GxEFhVY6ff
[18:01:25] [Server thread/WARN]: [PlugManX] Or create an issue on GitHub: https://github.com/Test-Account666/PlugMan
[18:01:25] [Server thread/WARN]: [PlugManX] ~~~~~~~~~~~~~~~~~~~~~~~~~~~~~~~~~~~~~~~~~~~~~~~~~~~~~~~~~~~~~~~~~~~~~~
[18:01:25] [Server thread/INFO]: [PlugManX] You can disable this warning by setting 'showPaperWarning' to false in the config.yml
[18:01:25] [Server thread/WARN]: **** SERVER IS RUNNING IN OFFLINE/INSECURE MODE!
[18:01:25] [Server thread/WARN]: The server will make no attempt to authenticate usernames. Beware.
[18:01:25] [Server thread/WARN]: While this makes the game possible to play without internet access, it also opens up the ability for hackers to connect with any username they choose.
[18:01:25] [Server thread/WARN]: To change this, set "online-mode" to "true" in the server.properties file.
[18:01:25] [Server thread/INFO]: Preparing level "world"
[18:01:26] [Server thread/INFO]: Preparing start region for dimension minecraft:overworld
[18:01:26] [Server thread/INFO]: Time elapsed: 2 ms
[18:01:26] [Server thread/INFO]: Preparing start region for dimension minecraft:the_nether
[18:01:26] [Server thread/INFO]: Time elapsed: 0 ms
[18:01:26] [Server thread/INFO]: Preparing start region for dimension minecraft:the_end
[18:01:26] [Server thread/INFO]: Time elapsed: 0 ms
[18:01:26] [Server thread/INFO]: [PlaceholderAPI] Enabling PlaceholderAPI v2.11.7-DEV-null
[18:01:26] [Server thread/INFO]: [PlaceholderAPI] Fetching available expansion information...
[18:01:26] [Server thread/INFO]: [DeathExplosion] Enabling DeathExplosion v1.0
[18:01:26] [Server thread/INFO]: [DeathExplosion] DeathExplosion activado en modo anárquico.
[18:01:26] [Server thread/INFO]: [Chunky] Enabling Chunky v1.4.40
[18:01:26] [Server thread/INFO]: [AntiChaos] Enabling AntiChaos v1.0.0
[18:01:26] [Server thread/INFO]: [AntiChaos] AntiChaos habilitado. Folia: Folia
[18:01:26] [Server thread/INFO]: [GrimAC] Enabling GrimAC v2.3.72-28d83206c
[18:01:26] [Server thread/INFO]: [GrimAC] Registering packets...
[18:01:26] [Server thread/INFO]: [GrimAC] Registering tick schedulers...
[18:01:27] [Server thread/INFO]: Grim Version: 2.3.72-28d83206c
[18:01:27] [Server thread/INFO]: [GrimAC] Registering singular bukkit event... (PistonEvent)
[18:01:27] [Server thread/INFO]: [PlaceholderAPI] Successfully registered internal expansion: grim [2.3.72-28d83206c]
[18:01:27] [Server thread/INFO]: [TAB] Enabling TAB v5.2.5
[18:01:28] [Folia Async Scheduler Thread #0/INFO]: You are using the latest version of GrimAC
[18:01:28] [Server thread/INFO]: [TAB] Enabled in 569ms
[18:01:28] [Server thread/INFO]: [BetterTeamsFolia] Enabling BetterTeamsFolia v1.0
[18:01:28] [Server thread/INFO]: [BetterTeamsFolia] ========================================
[18:01:28] [Server thread/INFO]: [BetterTeamsFolia] BetterTeamsFolia habilitado correctamente!
[18:01:28] [Server thread/INFO]: [BetterTeamsFolia] Versión: 1.0
[18:01:28] [Server thread/INFO]: [BetterTeamsFolia] Autor: [Ericson]
[18:01:28] [Server thread/INFO]: [BetterTeamsFolia] ========================================
[18:01:28] [Server thread/INFO]: [AuthMe] Enabling AuthMe v5.7.0-FORK-b53
[18:01:28] [Server thread/INFO]: [AuthMe] You are running an unofficial fork version of AuthMe!
[18:01:29] [Server thread/INFO]: [AuthMe] SQLite Setup finished
[18:01:29] [Server thread/INFO]: [AuthMe] No supported permissions system found! Permissions are disabled!
[18:01:29] [Server thread/INFO]: [AuthMe] Hooked successfully into PlaceholderAPI
[18:01:29] [Server thread/INFO]: [PlaceholderAPI] Successfully registered internal expansion: authme [5.7.0-FORK]
[18:01:30] [Server thread/INFO]: [AuthMe] 
    ___         __  __    __  ___   
   /   | __  __/ /_/ /_  /  |/  /__ 
  / /| |/ / / / __/ __ \/ /|_/ / _ \
 / ___ / /_/ / /_/ / / / /  / /  __/
/_/  |_\__,_/\__/_/ /_/_/  /_/\___/ 
                                    
[18:01:30] [Server thread/INFO]: [AuthMe] AuthMeReReloaded is running on Folia
[18:01:30] [Server thread/INFO]: [AuthMe] AuthMeReReloaded is enabled successfully!
[18:01:30] [Server thread/INFO]: [AuthMe] GitHub: https://github.com/HaHaWTH/AuthMeReReloaded/
[18:01:30] [Server thread/INFO]: [AuthMe] Checking for updates...
[18:01:30] [Server thread/INFO]: [spark] The spark plugin has been preferred but was not loaded. The bundled spark profiler will enabled instead.
[18:01:30] [Server thread/INFO]: [spark] The spark profiler will not be enabled because it is currently disabled in the configuration.
[18:01:30] [Server thread/INFO]: [PlaceholderAPI] Placeholder expansion registration initializing...
[18:01:30] [Server thread/INFO]: Done preparing level "world" (4.952s)
[18:01:30] [Folia Async Scheduler Thread #0/INFO]: [AuthMe] You are running the latest version.
[18:01:30] [Server thread/INFO]: Done (28.495s)! For help, type "help"
[18:01:30] [Region Scheduler Thread #0/INFO]: [BetterTeamsFolia] [BetterTeams] Guardado automático de equipos completado.
[18:01:30] [Region Scheduler Thread #0/INFO]: 0 placeholder hook(s) registered!
[18:01:30] [Region Scheduler Thread #0/INFO]: Initialising world 'world' before it can be ticked...
[18:01:30] [Region Scheduler Thread #0/INFO]: Initialised world 'world'
[18:01:30] [Region Scheduler Thread #0/INFO]: Initialising world 'world_nether' before it can be ticked...
[18:01:30] [Region Scheduler Thread #0/INFO]: Initialised world 'world_nether'
[18:01:30] [Region Scheduler Thread #0/INFO]: Initialising world 'world_the_end' before it can be ticked...
[18:01:30] [Region Scheduler Thread #0/INFO]: Initialised world 'world_the_end'
[18:01:35] [User Authenticator #0/INFO]: UUID of player FuKingReyX is 32add5ad-aed6-3a12-8ec9-8a619c1d2b1c
[18:01:35] [Region Scheduler Thread #0/INFO]: [HorriblePlayerLoginEventHack] You have plugins listening to the PlayerLoginEvent, this will cause re-configuration APIs to be unavailable: [AuthMe]
[18:01:37] [TAB Processing Thread/INFO]: [TAB] [WARN] Player FuKingReyX's group (none) is not in sorting list! Sorting list: owner,admin,mod,helper,builder,vip,default. Player will be sorted on the bottom.
[18:01:37] [Region Scheduler Thread #0/INFO]: FuKingReyX[/127.74.183.169:43895] logged in with entity id 65 at ([world]-74.2849946922748, 71.0, 17.701666224790046)
[18:01:37] [Folia Async Scheduler Thread #3/INFO]: [AuthMe] FuKingReyX logged in 127.74.183.169
[18:01:38] [Netty Epoll Server IO #2/INFO]: [ac.grim.grimac.shaded.com.github.retrooper.packetevents.PacketEventsAPI] Loading block mappings for V_1_21_6/19...
[18:01:39] [Netty Epoll Server IO #2/INFO]: [ac.grim.grimac.shaded.com.github.retrooper.packetevents.PacketEventsAPI] Finished loading block mappings for V_1_21_6/19 in 554.58309ms
[18:01:49] [Region Scheduler Thread #0/INFO]: Made FuKingRey no longer a server operator
[18:01:53] [Region Scheduler Thread #0/INFO]: FuKingReyX lost connection: Disconnected
[18:05:44] [User Authenticator #1/INFO]: UUID of player Illuzzi is a79b635e-0b34-3fdd-8792-ad24a75a0a2e
[18:05:46] [TAB Processing Thread/INFO]: [TAB] [WARN] Player Illuzzi's group (none) is not in sorting list! Sorting list: owner,admin,mod,helper,builder,vip,default. Player will be sorted on the bottom.
[18:05:46] [Region Scheduler Thread #0/INFO]: Illuzzi[/127.74.183.169:51845] logged in with entity id 258 at ([world]-71.5, 68.0, 7.5)
[18:05:51] [Region Scheduler Thread #0/INFO]: Made Illuzzi a server operator
[18:06:23] [Region Scheduler Thread #0/INFO]: [AuthMe] Illuzzi registered 127.74.183.169
[18:06:27] [Region Scheduler Thread #0/INFO]: Illuzzi issued server command: /team ally KratosX
[18:06:31] [Folia Async Scheduler Thread #0/INFO]: [AuthMe] Illuzzi logged in 127.74.183.169
[18:06:32] [Region Scheduler Thread #0/INFO]: [BetterTeamsFolia] [BetterTeams] Guardado automático de equipos completado.
[18:06:52] [Region Scheduler Thread #0/INFO]: Illuzzi lost connection: Disconnected
[18:07:54] [User Authenticator #2/INFO]: UUID of player Illuzzi is a79b635e-0b34-3fdd-8792-ad24a75a0a2e
[18:07:55] [Region Scheduler Thread #0/INFO]: Illuzzi[/127.74.183.169:50799] logged in with entity id 374 at ([world]-77.97324193912743, 69.0, -1.318658271642916)
[18:07:55] [TAB Processing Thread/INFO]: [TAB] [WARN] Player Illuzzi's group (none) is not in sorting list! Sorting list: owner,admin,mod,helper,builder,vip,default. Player will be sorted on the bottom.
[18:07:55] [Folia Async Scheduler Thread #0/INFO]: [AuthMe] Illuzzi logged in 127.74.183.169
[18:08:02] [Region Scheduler Thread #0/INFO]: Illuzzi lost connection: Disconnected
